Archive member included to satisfy reference by file (symbol)

C:/Program Files/STM32CubeIDE_1.14.0/STM32CubeIDE/plugins/com.st.stm32cube.ide.mcu.externaltools.gnu-tools-for-stm32.11.3.rel1.win32_1.1.100.202309141235/tools/bin/../lib/gcc/arm-none-eabi/11.3.1/../../../../arm-none-eabi/lib/thumb/v7e-m+fp/hard\libc_nano.a(libc_a-exit.o)
                              C:/Program Files/STM32CubeIDE_1.14.0/STM32CubeIDE/plugins/com.st.stm32cube.ide.mcu.externaltools.gnu-tools-for-stm32.11.3.rel1.win32_1.1.100.202309141235/tools/bin/../lib/gcc/arm-none-eabi/11.3.1/../../../../arm-none-eabi/lib/thumb/v7e-m+fp/hard/crt0.o (exit)
C:/Program Files/STM32CubeIDE_1.14.0/STM32CubeIDE/plugins/com.st.stm32cube.ide.mcu.externaltools.gnu-tools-for-stm32.11.3.rel1.win32_1.1.100.202309141235/tools/bin/../lib/gcc/arm-none-eabi/11.3.1/../../../../arm-none-eabi/lib/thumb/v7e-m+fp/hard\libc_nano.a(libc_a-findfp.o)
                              C:/Program Files/STM32CubeIDE_1.14.0/STM32CubeIDE/plugins/com.st.stm32cube.ide.mcu.externaltools.gnu-tools-for-stm32.11.3.rel1.win32_1.1.100.202309141235/tools/bin/../lib/gcc/arm-none-eabi/11.3.1/../../../../arm-none-eabi/lib/thumb/v7e-m+fp/hard\libc_nano.a(libc_a-exit.o) (__stdio_exit_handler)
C:/Program Files/STM32CubeIDE_1.14.0/STM32CubeIDE/plugins/com.st.stm32cube.ide.mcu.externaltools.gnu-tools-for-stm32.11.3.rel1.win32_1.1.100.202309141235/tools/bin/../lib/gcc/arm-none-eabi/11.3.1/../../../../arm-none-eabi/lib/thumb/v7e-m+fp/hard\libc_nano.a(libc_a-fwalk.o)
                              C:/Program Files/STM32CubeIDE_1.14.0/STM32CubeIDE/plugins/com.st.stm32cube.ide.mcu.externaltools.gnu-tools-for-stm32.11.3.rel1.win32_1.1.100.202309141235/tools/bin/../lib/gcc/arm-none-eabi/11.3.1/../../../../arm-none-eabi/lib/thumb/v7e-m+fp/hard\libc_nano.a(libc_a-findfp.o) (_fwalk_sglue)
C:/Program Files/STM32CubeIDE_1.14.0/STM32CubeIDE/plugins/com.st.stm32cube.ide.mcu.externaltools.gnu-tools-for-stm32.11.3.rel1.win32_1.1.100.202309141235/tools/bin/../lib/gcc/arm-none-eabi/11.3.1/../../../../arm-none-eabi/lib/thumb/v7e-m+fp/hard\libc_nano.a(libc_a-stdio.o)
                              C:/Program Files/STM32CubeIDE_1.14.0/STM32CubeIDE/plugins/com.st.stm32cube.ide.mcu.externaltools.gnu-tools-for-stm32.11.3.rel1.win32_1.1.100.202309141235/tools/bin/../lib/gcc/arm-none-eabi/11.3.1/../../../../arm-none-eabi/lib/thumb/v7e-m+fp/hard\libc_nano.a(libc_a-findfp.o) (__sread)
C:/Program Files/STM32CubeIDE_1.14.0/STM32CubeIDE/plugins/com.st.stm32cube.ide.mcu.externaltools.gnu-tools-for-stm32.11.3.rel1.win32_1.1.100.202309141235/tools/bin/../lib/gcc/arm-none-eabi/11.3.1/../../../../arm-none-eabi/lib/thumb/v7e-m+fp/hard\libc_nano.a(libc_a-memset.o)
                              C:/Program Files/STM32CubeIDE_1.14.0/STM32CubeIDE/plugins/com.st.stm32cube.ide.mcu.externaltools.gnu-tools-for-stm32.11.3.rel1.win32_1.1.100.202309141235/tools/bin/../lib/gcc/arm-none-eabi/11.3.1/../../../../arm-none-eabi/lib/thumb/v7e-m+fp/hard/crt0.o (memset)
C:/Program Files/STM32CubeIDE_1.14.0/STM32CubeIDE/plugins/com.st.stm32cube.ide.mcu.externaltools.gnu-tools-for-stm32.11.3.rel1.win32_1.1.100.202309141235/tools/bin/../lib/gcc/arm-none-eabi/11.3.1/../../../../arm-none-eabi/lib/thumb/v7e-m+fp/hard\libc_nano.a(libc_a-closer.o)
                              C:/Program Files/STM32CubeIDE_1.14.0/STM32CubeIDE/plugins/com.st.stm32cube.ide.mcu.externaltools.gnu-tools-for-stm32.11.3.rel1.win32_1.1.100.202309141235/tools/bin/../lib/gcc/arm-none-eabi/11.3.1/../../../../arm-none-eabi/lib/thumb/v7e-m+fp/hard\libc_nano.a(libc_a-stdio.o) (_close_r)
C:/Program Files/STM32CubeIDE_1.14.0/STM32CubeIDE/plugins/com.st.stm32cube.ide.mcu.externaltools.gnu-tools-for-stm32.11.3.rel1.win32_1.1.100.202309141235/tools/bin/../lib/gcc/arm-none-eabi/11.3.1/../../../../arm-none-eabi/lib/thumb/v7e-m+fp/hard\libc_nano.a(libc_a-reent.o)
                              C:/Program Files/STM32CubeIDE_1.14.0/STM32CubeIDE/plugins/com.st.stm32cube.ide.mcu.externaltools.gnu-tools-for-stm32.11.3.rel1.win32_1.1.100.202309141235/tools/bin/../lib/gcc/arm-none-eabi/11.3.1/../../../../arm-none-eabi/lib/thumb/v7e-m+fp/hard\libc_nano.a(libc_a-closer.o) (errno)
C:/Program Files/STM32CubeIDE_1.14.0/STM32CubeIDE/plugins/com.st.stm32cube.ide.mcu.externaltools.gnu-tools-for-stm32.11.3.rel1.win32_1.1.100.202309141235/tools/bin/../lib/gcc/arm-none-eabi/11.3.1/../../../../arm-none-eabi/lib/thumb/v7e-m+fp/hard\libc_nano.a(libc_a-impure.o)
                              C:/Program Files/STM32CubeIDE_1.14.0/STM32CubeIDE/plugins/com.st.stm32cube.ide.mcu.externaltools.gnu-tools-for-stm32.11.3.rel1.win32_1.1.100.202309141235/tools/bin/../lib/gcc/arm-none-eabi/11.3.1/../../../../arm-none-eabi/lib/thumb/v7e-m+fp/hard\libc_nano.a(libc_a-reent.o) (_impure_ptr)
[...]
Memory Configuration

Name             Origin             Length             Attributes
RETRAM_interrupts 0x0000000000000000 0x0000000000000600 xrw
SRAM1_text       0x0000000010000000 0x0000000000020000 xrw
SRAM2_data       0x0000000010020000 0x0000000000020000 xrw
SRAM3_ipc_shm    0x0000000010040000 0x0000000000010000 xrw
SRAM4            0x0000000010050000 0x0000000000010000 xrw
*default*        0x0000000000000000 0xffffffffffffffff

Linker script and memory map

LOAD C:/Program Files/STM32CubeIDE_1.14.0/STM32CubeIDE/plugins/com.st.stm32cube.ide.mcu.externaltools.gnu-tools-for-stm32.11.3.rel1.win32_1.1.100.202309141235/tools/bin/../lib/gcc/arm-none-eabi/11.3.1/thumb/v7e-m+fp/hard/crti.o
LOAD C:/Program Files/STM32CubeIDE_1.14.0/STM32CubeIDE/plugins/com.st.stm32cube.ide.mcu.externaltools.gnu-tools-for-stm32.11.3.rel1.win32_1.1.100.202309141235/tools/bin/../lib/gcc/arm-none-eabi/11.3.1/thumb/v7e-m+fp/hard/crtbegin.o
LOAD C:/Program Files/STM32CubeIDE_1.14.0/STM32CubeIDE/plugins/com.st.stm32cube.ide.mcu.externaltools.gnu-tools-for-stm32.11.3.rel1.win32_1.1.100.202309141235/tools/bin/../lib/gcc/arm-none-eabi/11.3.1/../../../../arm-none-eabi/lib/thumb/v7e-m+fp/hard/crt0.o
LOAD ./Common/System/system_stm32mp1xx.o
LOAD ./Core/Src/gpio.o
LOAD ./Core/Src/main.o
LOAD ./Core/Src/oled.o
LOAD ./Core/Src/stm32mp1xx_hal_msp.o
LOAD ./Core/Src/stm32mp1xx_it.o
LOAD ./Core/Src/syscalls.o
LOAD ./Core/Src/sysmem.o
LOAD ./Core/Startup/startup_stm32mp157daax.o
LOAD ./Drivers/STM32MP1xx_HAL_Driver/stm32mp1xx_hal.o
LOAD ./Drivers/STM32MP1xx_HAL_Driver/stm32mp1xx_hal_cortex.o
LOAD ./Drivers/STM32MP1xx_HAL_Driver/stm32mp1xx_hal_dma.o
LOAD ./Drivers/STM32MP1xx_HAL_Driver/stm32mp1xx_hal_dma_ex.o
LOAD ./Drivers/STM32MP1xx_HAL_Driver/stm32mp1xx_hal_exti.o
LOAD ./Drivers/STM32MP1xx_HAL_Driver/stm32mp1xx_hal_gpio.o
LOAD ./Drivers/STM32MP1xx_HAL_Driver/stm32mp1xx_hal_hsem.o
LOAD ./Drivers/STM32MP1xx_HAL_Driver/stm32mp1xx_hal_mdma.o
LOAD ./Drivers/STM32MP1xx_HAL_Driver/stm32mp1xx_hal_pwr.o
LOAD ./Drivers/STM32MP1xx_HAL_Driver/stm32mp1xx_hal_pwr_ex.o
LOAD ./Drivers/STM32MP1xx_HAL_Driver/stm32mp1xx_hal_rcc.o
LOAD ./Drivers/STM32MP1xx_HAL_Driver/stm32mp1xx_hal_rcc_ex.o
LOAD ./Drivers/STM32MP1xx_HAL_Driver/stm32mp1xx_hal_tim.o
LOAD ./Drivers/STM32MP1xx_HAL_Driver/stm32mp1xx_hal_tim_ex.o
START GROUP
LOAD C:/Program Files/STM32CubeIDE_1.14.0/STM32CubeIDE/plugins/com.st.stm32cube.ide.mcu.externaltools.gnu-tools-for-stm32.11.3.rel1.win32_1.1.100.202309141235/tools/bin/../lib/gcc/arm-none-eabi/11.3.1/../../../../arm-none-eabi/lib/thumb/v7e-m+fp/hard\libc_nano.a
LOAD C:/Program Files/STM32CubeIDE_1.14.0/STM32CubeIDE/plugins/com.st.stm32cube.ide.mcu.externaltools.gnu-tools-for-stm32.11.3.rel1.win32_1.1.100.202309141235/tools/bin/../lib/gcc/arm-none-eabi/11.3.1/../../../../arm-none-eabi/lib/thumb/v7e-m+fp/hard\libm.a
END GROUP
START GROUP
LOAD C:/Program Files/STM32CubeIDE_1.14.0/STM32CubeIDE/plugins/com.st.stm32cube.ide.mcu.externaltools.gnu-tools-for-stm32.11.3.rel1.win32_1.1.100.202309141235/tools/bin/../lib/gcc/arm-none-eabi/11.3.1/thumb/v7e-m+fp/hard\libgcc.a
LOAD C:/Program Files/STM32CubeIDE_1.14.0/STM32CubeIDE/plugins/com.st.stm32cube.ide.mcu.externaltools.gnu-tools-for-stm32.11.3.rel1.win32_1.1.100.202309141235/tools/bin/../lib/gcc/arm-none-eabi/11.3.1/../../../../arm-none-eabi/lib/thumb/v7e-m+fp/hard\libc_nano.a
END GROUP
START GROUP
LOAD C:/Program Files/STM32CubeIDE_1.14.0/STM32CubeIDE/plugins/com.st.stm32cube.ide.mcu.externaltools.gnu-tools-for-stm32.11.3.rel1.win32_1.1.100.202309141235/tools/bin/../lib/gcc/arm-none-eabi/11.3.1/thumb/v7e-m+fp/hard\libgcc.a
LOAD C:/Program Files/STM32CubeIDE_1.14.0/STM32CubeIDE/plugins/com.st.stm32cube.ide.mcu.externaltools.gnu-tools-for-stm32.11.3.rel1.win32_1.1.100.202309141235/tools/bin/../lib/gcc/arm-none-eabi/11.3.1/../../../../arm-none-eabi/lib/thumb/v7e-m+fp/hard\libc_nano.a
LOAD C:/Program Files/STM32CubeIDE_1.14.0/STM32CubeIDE/plugins/com.st.stm32cube.ide.mcu.externaltools.gnu-tools-for-stm32.11.3.rel1.win32_1.1.100.202309141235/tools/bin/../lib/gcc/arm-none-eabi/11.3.1/../../../../arm-none-eabi/lib/thumb/v7e-m+fp/hard\libnosys.a
END GROUP
START GROUP
LOAD C:/Program Files/STM32CubeIDE_1.14.0/STM32CubeIDE/plugins/com.st.stm32cube.ide.mcu.externaltools.gnu-tools-for-stm32.11.3.rel1.win32_1.1.100.202309141235/tools/bin/../lib/gcc/arm-none-eabi/11.3.1/thumb/v7e-m+fp/hard\libgcc.a
LOAD C:/Program Files/STM32CubeIDE_1.14.0/STM32CubeIDE/plugins/com.st.stm32cube.ide.mcu.externaltools.gnu-tools-for-stm32.11.3.rel1.win32_1.1.100.202309141235/tools/bin/../lib/gcc/arm-none-eabi/11.3.1/../../../../arm-none-eabi/lib/thumb/v7e-m+fp/hard\libc_nano.a
LOAD C:/Program Files/STM32CubeIDE_1.14.0/STM32CubeIDE/plugins/com.st.stm32cube.ide.mcu.externaltools.gnu-tools-for-stm32.11.3.rel1.win32_1.1.100.202309141235/tools/bin/../lib/gcc/arm-none-eabi/11.3.1/../../../../arm-none-eabi/lib/thumb/v7e-m+fp/hard\libnosys.a
END GROUP
LOAD C:/Program Files/STM32CubeIDE_1.14.0/STM32CubeIDE/plugins/com.st.stm32cube.ide.mcu.externaltools.gnu-tools-for-stm32.11.3.rel1.win32_1.1.100.202309141235/tools/bin/../lib/gcc/arm-none-eabi/11.3.1/thumb/v7e-m+fp/hard/crtend.o
LOAD C:/Program Files/STM32CubeIDE_1.14.0/STM32CubeIDE/plugins/com.st.stm32cube.ide.mcu.externaltools.gnu-tools-for-stm32.11.3.rel1.win32_1.1.100.202309141235/tools/bin/../lib/gcc/arm-none-eabi/11.3.1/thumb/v7e-m+fp/hard/crtn.o
                0x0000000010040000                _estack = (ORIGIN (SRAM2_data) + LENGTH (SRAM2_data))
                0x0000000000000200                _Min_Heap_Size = 0x200
                0x0000000000000400                _Min_Stack_Size = 0x400
                0x0000000010040000                __OPENAMP_region_start__ = ORIGIN (SRAM3_ipc_shm)
                0x0000000010050000                __OPENAMP_region_end__ = (ORIGIN (SRAM3_ipc_shm) + LENGTH (SRAM3_ipc_shm))

.isr_vector     0x0000000000000000      0x298
                0x0000000000000000                . = ALIGN (0x4)
 *(.isr_vector)
 .isr_vector    0x0000000000000000      0x298 ./Core/Startup/startup_stm32mp157daax.o
                0x0000000000000000                g_pfnVectors
                0x0000000000000298                . = ALIGN (0x4)

.text           0x0000000010000000     0x2ab4
                0x0000000010000000                . = ALIGN (0x4)
 *(.text)
 .text          0x0000000010000000       0x40 C:/Program Files/STM32CubeIDE_1.14.0/STM32CubeIDE/plugins/com.st.stm32cube.ide.mcu.externaltools.gnu-tools-for-stm32.11.3.rel1.win32_1.1.100.202309141235/tools/bin/../lib/gcc/arm-none-eabi/11.3.1/thumb/v7e-m+fp/hard/crtbegin.o
 *(.text*)
 .text.SystemInit
                0x0000000010000040       0x4c ./Common/System/system_stm32mp1xx.o
                0x0000000010000040                SystemInit
 .text.MX_GPIO_Init
                0x000000001000008c      0x124 ./Core/Src/gpio.o
                0x000000001000008c                MX_GPIO_Init
 .text.main     0x00000000100001b0       0x30 ./Core/Src/main.o
                0x00000000100001b0                main
 .text.SystemClock_Config
                0x00000000100001e0      0x1dc ./Core/Src/main.o
                0x00000000100001e0                SystemClock_Config
 .text.Error_Handler
                0x00000000100003bc        0xa ./Core/Src/main.o
                0x00000000100003bc                Error_Handler
 *fill*         0x00000000100003c6        0x2 
 .text.oled_refresh_gram
                0x00000000100003c8       0x70 ./Core/Src/oled.o
                0x00000000100003c8                oled_refresh_gram
 .text.oled_wr_byte
                0x0000000010000438       0xb8 ./Core/Src/oled.o
                0x0000000010000438                oled_wr_byte
 .text.oled_clear
                0x00000000100004f0       0x4c ./Core/Src/oled.o
                0x00000000100004f0                oled_clear
 .text.oled_init
                0x000000001000053c      0x12c ./Core/Src/oled.o
                0x000000001000053c                oled_init
 .text.HAL_MspInit
                0x0000000010000668       0x6c ./Core/Src/stm32mp1xx_hal_msp.o
                0x0000000010000668                HAL_MspInit
 .text.NMI_Handler
                0x00000000100006d4        0x6 ./Core/Src/stm32mp1xx_it.o
                0x00000000100006d4                NMI_Handler
 .text.HardFault_Handler
                0x00000000100006da        0x6 ./Core/Src/stm32mp1xx_it.o
                0x00000000100006da                HardFault_Handler
 .text.MemManage_Handler
                0x00000000100006e0        0x6 ./Core/Src/stm32mp1xx_it.o
                0x00000000100006e0                MemManage_Handler
 .text.BusFault_Handler
                0x00000000100006e6        0x6 ./Core/Src/stm32mp1xx_it.o
                0x00000000100006e6                BusFault_Handler
 .text.UsageFault_Handler
                0x00000000100006ec        0x6 ./Core/Src/stm32mp1xx_it.o
                0x00000000100006ec                UsageFault_Handler
 .text.SVC_Handler
                0x00000000100006f2        0xe ./Core/Src/stm32mp1xx_it.o
                0x00000000100006f2                SVC_Handler
 .text.DebugMon_Handler
                0x0000000010000700        0xe ./Core/Src/stm32mp1xx_it.o
                0x0000000010000700                DebugMon_Handler
 .text.PendSV_Handler
                0x000000001000070e        0xe ./Core/Src/stm32mp1xx_it.o
                0x000000001000070e                PendSV_Handler
 .text.SysTick_Handler
                0x000000001000071c        0xc ./Core/Src/stm32mp1xx_it.o
                0x000000001000071c                SysTick_Handler
 .text.RCC_WAKEUP_IRQHandler
                0x0000000010000728        0xc ./Core/Src/stm32mp1xx_it.o
                0x0000000010000728                RCC_WAKEUP_IRQHandler
 .text.Default_Handler
                0x0000000010000734        0x2 ./Core/Startup/startup_stm32mp157daax.o
                0x0000000010000734                EXTI2_IRQHandler
                0x0000000010000734                TIM8_TRG_COM_IRQHandler
                0x0000000010000734                TIM8_CC_IRQHandler
                0x0000000010000734                EXTI5_IRQHandler
                0x0000000010000734                UART8_IRQHandler
                0x0000000010000734                SPI4_IRQHandler
                0x0000000010000734                EXTI13_IRQHandler
                0x0000000010000734                TIM1_CC_IRQHandler
                0x0000000010000734                DMA2_Stream5_IRQHandler
                0x0000000010000734                ETH1_WKUP_IRQHandler
                0x0000000010000734                TAMP_IRQHandler
                0x0000000010000734                DMA1_Stream5_IRQHandler
                0x0000000010000734                TIM6_IRQHandler
                0x0000000010000734                EXTI12_IRQHandler
                0x0000000010000734                EXTI3_IRQHandler
                0x0000000010000734                LPTIM4_IRQHandler
                0x0000000010000734                EXTI8_IRQHandler
                0x0000000010000734                LPTIM2_IRQHandler
                0x0000000010000734                DFSDM1_FLT1_IRQHandler
                0x0000000010000734                I2C3_ER_IRQHandler
                0x0000000010000734                DFSDM1_FLT2_IRQHandler
                0x0000000010000734                I2C5_EV_IRQHandler
                0x0000000010000734                MDMA_IRQHandler
                0x0000000010000734                IPCC_TX1_IRQHandler
                0x0000000010000734                LPTIM3_IRQHandler
                0x0000000010000734                EXTI0_IRQHandler
                0x0000000010000734                I2C2_EV_IRQHandler
                0x0000000010000734                DMA1_Stream2_IRQHandler
                0x0000000010000734                FPU_IRQHandler
                0x0000000010000734                USBH_OHCI_IRQHandler
                0x0000000010000734                FDCAN1_IT1_IRQHandler
                0x0000000010000734                LTDC_ER_IRQHandler
                0x0000000010000734                DMA2_Stream2_IRQHandler
                0x0000000010000734                IPCC_RX0_IRQHandler
                0x0000000010000734                OTG_IRQHandler
                0x0000000010000734                SPI1_IRQHandler
                0x0000000010000734                DCMI_IRQHandler
                0x0000000010000734                TIM8_UP_IRQHandler
                0x0000000010000734                DMA2_Stream3_IRQHandler
                0x0000000010000734                USBH_EHCI_IRQHandler
                0x0000000010000734                nCTIIRQ2_IRQHandler
                0x0000000010000734                HASH1_IRQHandler
                0x0000000010000734                GPU_IRQHandler
                0x0000000010000734                SAI2_IRQHandler
                0x0000000010000734                ADC1_IRQHandler
                0x0000000010000734                RESERVED148_IRQHandler
                0x0000000010000734                RTC_TIMESTAMP_IRQHandler
                0x0000000010000734                DFSDM1_FLT3_IRQHandler
                0x0000000010000734                USART6_IRQHandler
                0x0000000010000734                EXTI15_IRQHandler
                0x0000000010000734                TIM17_IRQHandler
                0x0000000010000734                USART3_IRQHandler
                0x0000000010000734                EXTI9_IRQHandler
                0x0000000010000734                LPTIM5_IRQHandler
                0x0000000010000734                UART5_IRQHandler
                0x0000000010000734                DMA2_Stream0_IRQHandler
                0x0000000010000734                TIM4_IRQHandler
                0x0000000010000734                CRYP2_IRQHandler
                0x0000000010000734                QUADSPI_IRQHandler
                0x0000000010000734                I2C1_EV_IRQHandler
                0x0000000010000734                DMA1_Stream6_IRQHandler
                0x0000000010000734                RESERVED99_IRQHandler
                0x0000000010000734                DMAMUX1_OVR_IRQHandler
                0x0000000010000734                DMA1_Stream1_IRQHandler
                0x0000000010000734                TIM16_IRQHandler
                0x0000000010000734                UART4_IRQHandler
                0x0000000010000734                TIM3_IRQHandler
                0x0000000010000734                RCC_IRQHandler
                0x0000000010000734                TIM1_TRG_COM_IRQHandler
                0x0000000010000734                nCTIIRQ1_IRQHandler
                0x0000000010000734                Default_Handler
                0x0000000010000734                IPCC_RX1_IRQHandler
                0x0000000010000734                CEC_IRQHandler
                0x0000000010000734                DFSDM1_FLT4_IRQHandler
                0x0000000010000734                TIM14_IRQHandler
                0x0000000010000734                I2C5_ER_IRQHandler
                0x0000000010000734                TIM13_IRQHandler
                0x0000000010000734                DMA1_Stream7_IRQHandler
                0x0000000010000734                IPCC_TX0_IRQHandler
                0x0000000010000734                SPI5_IRQHandler
                0x0000000010000734                TIM12_IRQHandler
                0x0000000010000734                TIM7_IRQHandler
                0x0000000010000734                SDMMC1_IRQHandler
                0x0000000010000734                TIM5_IRQHandler
                0x0000000010000734                DMA2_Stream7_IRQHandler
                0x0000000010000734                TIM15_IRQHandler
                0x0000000010000734                PVD_AVD_IRQHandler
                0x0000000010000734                I2C3_EV_IRQHandler
                0x0000000010000734                SDMMC3_IRQHandler
                0x0000000010000734                ETH1_IRQHandler
                0x0000000010000734                LTDC_IRQHandler
                0x0000000010000734                SAI3_IRQHandler
                0x0000000010000734                SPDIF_RX_IRQHandler
                0x0000000010000734                ADC2_IRQHandler
                0x0000000010000734                SPI2_IRQHandler
                0x0000000010000734                DFSDM1_FLT5_IRQHandler
                0x0000000010000734                DMA1_Stream0_IRQHandler
                0x0000000010000734                EXTI14_IRQHandler
                0x0000000010000734                EXTI11_IRQHandler
                0x0000000010000734                CRYP1_IRQHandler
                0x0000000010000734                RNG2_IRQHandler
                0x0000000010000734                RNG1_IRQHandler
                0x0000000010000734                HASH2_IRQHandler
                0x0000000010000734                EXTI4_IRQHandler
                0x0000000010000734                ETH1_LPI_IRQHandler
                0x0000000010000734                FDCAN2_IT1_IRQHandler
                0x0000000010000734                DSI_IRQHandler
                0x0000000010000734                TIM1_UP_IRQHandler
                0x0000000010000734                HSEM_IT2_IRQHandler
                0x0000000010000734                SPI6_IRQHandler
                0x0000000010000734                MDIOS_IRQHandler
                0x0000000010000734                I2C4_EV_IRQHandler
                0x0000000010000734                FDCAN2_IT0_IRQHandler
                0x0000000010000734                I2C6_ER_IRQHandler
                0x0000000010000734                FDCAN1_IT0_IRQHandler
                0x0000000010000734                TIM2_IRQHandler
                0x0000000010000734                EXTI7_IRQHandler
                0x0000000010000734                TIM1_BRK_IRQHandler
                0x0000000010000734                DAC_IRQHandler
                0x0000000010000734                EXTI1_IRQHandler
                0x0000000010000734                SDMMC2_IRQHandler
                0x0000000010000734                DTS_IRQHandler
                0x0000000010000734                UART7_IRQHandler
                0x0000000010000734                USART2_IRQHandler
                0x0000000010000734                I2C6_EV_IRQHandler
                0x0000000010000734                DFSDM1_FLT0_IRQHandler
                0x0000000010000734                SAI4_IRQHandler
                0x0000000010000734                I2C2_ER_IRQHandler
                0x0000000010000734                DMA2_Stream1_IRQHandler
                0x0000000010000734                TIM8_BRK_IRQHandler
                0x0000000010000734                WWDG1_IRQHandler
                0x0000000010000734                DMA2_Stream4_IRQHandler
                0x0000000010000734                USART1_IRQHandler
                0x0000000010000734                RESERVED143_IRQHandler
                0x0000000010000734                EXTI10_IRQHandler
                0x0000000010000734                SPI3_IRQHandler
                0x0000000010000734                WAKEUP_PIN_IRQHandler
                0x0000000010000734                DMA1_Stream4_IRQHandler
                0x0000000010000734                I2C1_ER_IRQHandler
                0x0000000010000734                FMC_IRQHandler
                0x0000000010000734                FDCAN_CAL_IRQHandler
                0x0000000010000734                EXTI6_IRQHandler
                0x0000000010000734                MPU_SEV_IRQHandler
                0x0000000010000734                LPTIM1_IRQHandler
                0x0000000010000734                RTC_WKUP_ALARM_IRQHandler
                0x0000000010000734                I2C4_ER_IRQHandler
                0x0000000010000734                DMA2_Stream6_IRQHandler
                0x0000000010000734                SAI1_IRQHandler
                0x0000000010000734                DMA1_Stream3_IRQHandler
                0x0000000010000734                RESERVED4_IRQHandler
 *fill*         0x0000000010000736        0x2 
 .text.HAL_Init
                0x0000000010000738       0x34 ./Drivers/STM32MP1xx_HAL_Driver/stm32mp1xx_hal.o
                0x0000000010000738                HAL_Init
 .text.HAL_InitTick
                0x000000001000076c       0x6c ./Drivers/STM32MP1xx_HAL_Driver/stm32mp1xx_hal.o
                0x000000001000076c                HAL_InitTick
 .text.HAL_IncTick
                0x00000000100007d8       0x28 ./Drivers/STM32MP1xx_HAL_Driver/stm32mp1xx_hal.o
                0x00000000100007d8                HAL_IncTick
 .text.HAL_GetTick
                0x0000000010000800       0x18 ./Drivers/STM32MP1xx_HAL_Driver/stm32mp1xx_hal.o
                0x0000000010000800                HAL_GetTick
 .text.HAL_Delay
                0x0000000010000818       0x48 ./Drivers/STM32MP1xx_HAL_Driver/stm32mp1xx_hal.o
                0x0000000010000818                HAL_Delay
 .text.__NVIC_SetPriorityGrouping
                0x0000000010000860       0x48 ./Drivers/STM32MP1xx_HAL_Driver/stm32mp1xx_hal_cortex.o
 .text.__NVIC_GetPriorityGrouping
                0x00000000100008a8       0x1c ./Drivers/STM32MP1xx_HAL_Driver/stm32mp1xx_hal_cortex.o
 .text.__NVIC_EnableIRQ
                0x00000000100008c4       0x3c ./Drivers/STM32MP1xx_HAL_Driver/stm32mp1xx_hal_cortex.o
 .text.__NVIC_SetPriority
                0x0000000010000900       0x54 ./Drivers/STM32MP1xx_HAL_Driver/stm32mp1xx_hal_cortex.o
 .text.NVIC_EncodePriority
                0x0000000010000954       0x66 ./Drivers/STM32MP1xx_HAL_Driver/stm32mp1xx_hal_cortex.o
 *fill*         0x00000000100009ba        0x2 
 .text.SysTick_Config
                0x00000000100009bc       0x44 ./Drivers/STM32MP1xx_HAL_Driver/stm32mp1xx_hal_cortex.o
 .text.HAL_NVIC_SetPriorityGrouping
                0x0000000010000a00       0x16 ./Drivers/STM32MP1xx_HAL_Driver/stm32mp1xx_hal_cortex.o
                0x0000000010000a00                HAL_NVIC_SetPriorityGrouping
 .text.HAL_NVIC_SetPriority
                0x0000000010000a16       0x38 ./Drivers/STM32MP1xx_HAL_Driver/stm32mp1xx_hal_cortex.o
                0x0000000010000a16                HAL_NVIC_SetPriority
 .text.HAL_NVIC_EnableIRQ
                0x0000000010000a4e       0x1c ./Drivers/STM32MP1xx_HAL_Driver/stm32mp1xx_hal_cortex.o
                0x0000000010000a4e                HAL_NVIC_EnableIRQ
 .text.HAL_SYSTICK_Config
                0x0000000010000a6a       0x18 ./Drivers/STM32MP1xx_HAL_Driver/stm32mp1xx_hal_cortex.o
                0x0000000010000a6a                HAL_SYSTICK_Config
 *fill*         0x0000000010000a82        0x2 
 .text.HAL_GPIO_Init
                0x0000000010000a84      0x354 ./Drivers/STM32MP1xx_HAL_Driver/stm32mp1xx_hal_gpio.o
                0x0000000010000a84                HAL_GPIO_Init
 .text.HAL_GPIO_WritePin
                0x0000000010000dd8       0x32 ./Drivers/STM32MP1xx_HAL_Driver/stm32mp1xx_hal_gpio.o
                0x0000000010000dd8                HAL_GPIO_WritePin
 *fill*         0x0000000010000e0a        0x2 
 .text.HAL_RCC_OscConfig
                0x0000000010000e0c      0x664 ./Drivers/STM32MP1xx_HAL_Driver/stm32mp1xx_hal_rcc.o
                0x0000000010000e0c                HAL_RCC_OscConfig
 .text.HAL_RCC_HSEConfig
                0x0000000010001470       0xd6 ./Drivers/STM32MP1xx_HAL_Driver/stm32mp1xx_hal_rcc.o
                0x0000000010001470                HAL_RCC_HSEConfig
 .text.HAL_RCC_LSEConfig
                0x0000000010001546       0xfa ./Drivers/STM32MP1xx_HAL_Driver/stm32mp1xx_hal_rcc.o
                0x0000000010001546                HAL_RCC_LSEConfig
 .text.RCC_PLL1_Config
                0x0000000010001640      0x308 ./Drivers/STM32MP1xx_HAL_Driver/stm32mp1xx_hal_rcc.o
                0x0000000010001640                RCC_PLL1_Config
 .text.HAL_RCC_ClockConfig
                0x0000000010001948      0x224 ./Drivers/STM32MP1xx_HAL_Driver/stm32mp1xx_hal_rcc.o
                0x0000000010001948                HAL_RCC_ClockConfig
 .text.RCC_MPUConfig
                0x0000000010001b6c       0xec ./Drivers/STM32MP1xx_HAL_Driver/stm32mp1xx_hal_rcc.o
                0x0000000010001b6c                RCC_MPUConfig
 .text.RCC_AXISSConfig
                0x0000000010001c58      0x12e ./Drivers/STM32MP1xx_HAL_Driver/stm32mp1xx_hal_rcc.o
                0x0000000010001c58                RCC_AXISSConfig
 *fill*         0x0000000010001d86        0x2 
 .text.RCC_MCUConfig
                0x0000000010001d88      0x150 ./Drivers/STM32MP1xx_HAL_Driver/stm32mp1xx_hal_rcc.o
                0x0000000010001d88                RCC_MCUConfig
 .text.HAL_RCC_GetPLL3ClockFreq
                0x0000000010001ed8      0x1f4 ./Drivers/STM32MP1xx_HAL_Driver/stm32mp1xx_hal_rcc.o
                0x0000000010001ed8                HAL_RCC_GetPLL3ClockFreq
 .text.HAL_RCC_GetMCUFreq
                0x00000000100020cc       0x36 ./Drivers/STM32MP1xx_HAL_Driver/stm32mp1xx_hal_rcc.o
                0x00000000100020cc                HAL_RCC_GetMCUFreq
 .text.HAL_RCC_GetSystemCoreClockFreq
                0x0000000010002102        0xe ./Drivers/STM32MP1xx_HAL_Driver/stm32mp1xx_hal_rcc.o
                0x0000000010002102                HAL_RCC_GetSystemCoreClockFreq
 .text.HAL_RCC_GetMCUSSFreq
                0x0000000010002110       0x74 ./Drivers/STM32MP1xx_HAL_Driver/stm32mp1xx_hal_rcc.o
                0x0000000010002110                HAL_RCC_GetMCUSSFreq
 .text.HAL_RCC_WAKEUP_IRQHandler
                0x0000000010002184       0x2a ./Drivers/STM32MP1xx_HAL_Driver/stm32mp1xx_hal_rcc.o
                0x0000000010002184                HAL_RCC_WAKEUP_IRQHandler
 .text.HAL_RCC_WAKEUP_Callback
                0x00000000100021ae        0xe ./Drivers/STM32MP1xx_HAL_Driver/stm32mp1xx_hal_rcc.o
                0x00000000100021ae                HAL_RCC_WAKEUP_Callback
 .text.RCCEx_PLL2_Config
                0x00000000100021bc      0x304 ./Drivers/STM32MP1xx_HAL_Driver/stm32mp1xx_hal_rcc_ex.o
                0x00000000100021bc                RCCEx_PLL2_Config
 .text.RCCEx_PLL3_Config
                0x00000000100024c0      0x2d4 ./Drivers/STM32MP1xx_HAL_Driver/stm32mp1xx_hal_rcc_ex.o
                0x00000000100024c0                RCCEx_PLL3_Config
 .text.RCCEx_PLL4_Config
                0x0000000010002794      0x2b0 ./Drivers/STM32MP1xx_HAL_Driver/stm32mp1xx_hal_rcc_ex.o
                0x0000000010002794                RCCEx_PLL4_Config
 .text.memset   0x0000000010002a44       0x10 C:/Program Files/STM32CubeIDE_1.14.0/STM32CubeIDE/plugins/com.st.stm32cube.ide.mcu.externaltools.gnu-tools-for-stm32.11.3.rel1.win32_1.1.100.202309141235/tools/bin/../lib/gcc/arm-none-eabi/11.3.1/../../../../arm-none-eabi/lib/thumb/v7e-m+fp/hard\libc_nano.a(libc_a-memset.o)
                0x0000000010002a44                memset
 .text.__libc_init_array
                0x0000000010002a54       0x48 C:/Program Files/STM32CubeIDE_1.14.0/STM32CubeIDE/plugins/com.st.stm32cube.ide.mcu.externaltools.gnu-tools-for-stm32.11.3.rel1.win32_1.1.100.202309141235/tools/bin/../lib/gcc/arm-none-eabi/11.3.1/../../../../arm-none-eabi/lib/thumb/v7e-m+fp/hard\libc_nano.a(libc_a-init.o)
                0x0000000010002a54                __libc_init_array
 *(.glue_7)
 .glue_7        0x0000000010002a9c        0x0 linker stubs
 *(.glue_7t)
 .glue_7t       0x0000000010002a9c        0x0 linker stubs
 *(.eh_frame)
 .eh_frame      0x0000000010002a9c        0x0 C:/Program Files/STM32CubeIDE_1.14.0/STM32CubeIDE/plugins/com.st.stm32cube.ide.mcu.externaltools.gnu-tools-for-stm32.11.3.rel1.win32_1.1.100.202309141235/tools/bin/../lib/gcc/arm-none-eabi/11.3.1/thumb/v7e-m+fp/hard/crtbegin.o
 *(.init)
 .init          0x0000000010002a9c        0x4 C:/Program Files/STM32CubeIDE_1.14.0/STM32CubeIDE/plugins/com.st.stm32cube.ide.mcu.externaltools.gnu-tools-for-stm32.11.3.rel1.win32_1.1.100.202309141235/tools/bin/../lib/gcc/arm-none-eabi/11.3.1/thumb/v7e-m+fp/hard/crti.o
                0x0000000010002a9c                _init
 .init          0x0000000010002aa0        0x8 C:/Program Files/STM32CubeIDE_1.14.0/STM32CubeIDE/plugins/com.st.stm32cube.ide.mcu.externaltools.gnu-tools-for-stm32.11.3.rel1.win32_1.1.100.202309141235/tools/bin/../lib/gcc/arm-none-eabi/11.3.1/thumb/v7e-m+fp/hard/crtn.o
 *(.fini)
 .fini          0x0000000010002aa8        0x4 C:/Program Files/STM32CubeIDE_1.14.0/STM32CubeIDE/plugins/com.st.stm32cube.ide.mcu.externaltools.gnu-tools-for-stm32.11.3.rel1.win32_1.1.100.202309141235/tools/bin/../lib/gcc/arm-none-eabi/11.3.1/thumb/v7e-m+fp/hard/crti.o
                0x0000000010002aa8                _fini
 .fini          0x0000000010002aac        0x8 C:/Program Files/STM32CubeIDE_1.14.0/STM32CubeIDE/plugins/com.st.stm32cube.ide.mcu.externaltools.gnu-tools-for-stm32.11.3.rel1.win32_1.1.100.202309141235/tools/bin/../lib/gcc/arm-none-eabi/11.3.1/thumb/v7e-m+fp/hard/crtn.o
                0x0000000010002ab4                . = ALIGN (0x4)
                0x0000000010002ab4                _etext = .

.vfp11_veneer   0x0000000010002ab4        0x0
 .vfp11_veneer  0x0000000010002ab4        0x0 linker stubs

.v4_bx          0x0000000010002ab4        0x0
 .v4_bx         0x0000000010002ab4        0x0 linker stubs

.iplt           0x0000000010002ab4        0x0
 .iplt          0x0000000010002ab4        0x0 C:/Program Files/STM32CubeIDE_1.14.0/STM32CubeIDE/plugins/com.st.stm32cube.ide.mcu.externaltools.gnu-tools-for-stm32.11.3.rel1.win32_1.1.100.202309141235/tools/bin/../lib/gcc/arm-none-eabi/11.3.1/thumb/v7e-m+fp/hard/crtbegin.o

.startup_copro_fw.Reset_Handler
                0x0000000010002ab4       0x50
 .startup_copro_fw.Reset_Handler
                0x0000000010002ab4       0x50 ./Core/Startup/startup_stm32mp157daax.o
                0x0000000010002ab4                Reset_Handler

.rel.dyn        0x0000000010002b04        0x0
 .rel.iplt      0x0000000010002b04        0x0 C:/Program Files/STM32CubeIDE_1.14.0/STM32CubeIDE/plugins/com.st.stm32cube.ide.mcu.externaltools.gnu-tools-for-stm32.11.3.rel1.win32_1.1.100.202309141235/tools/bin/../lib/gcc/arm-none-eabi/11.3.1/thumb/v7e-m+fp/hard/crtbegin.o

.rodata         0x0000000010002b04        0x0
                0x0000000010002b04                . = ALIGN (0x4)
 *(.rodata)
 *(.rodata*)
                0x0000000010002b04                . = ALIGN (0x4)

.ARM.extab      0x0000000010002b04        0x0
                0x0000000010002b04                . = ALIGN (0x4)
 *(.ARM.extab* .gnu.linkonce.armextab.*)
                0x0000000010002b04                . = ALIGN (0x4)

.ARM            0x0000000010002b04        0x0
                0x0000000010002b04                . = ALIGN (0x4)
                0x0000000010002b04                __exidx_start = .
 *(.ARM.exidx*)
                0x0000000010002b04                __exidx_end = .
                0x0000000010002b04                . = ALIGN (0x4)

.preinit_array  0x0000000010002b04        0x0
                0x0000000010002b04                . = ALIGN (0x4)
                0x0000000010002b04                PROVIDE (__preinit_array_start = .)
 *(.preinit_array*)
                0x0000000010002b04                PROVIDE (__preinit_array_end = .)
                0x0000000010002b04                . = ALIGN (0x4)

.init_array     0x0000000010002b04        0x4
                0x0000000010002b04                . = ALIGN (0x4)
                0x0000000010002b04                PROVIDE (__init_array_start = .)
 *(SORT_BY_NAME(.init_array.*))
 *(.init_array*)
 .init_array    0x0000000010002b04        0x4 C:/Program Files/STM32CubeIDE_1.14.0/STM32CubeIDE/plugins/com.st.stm32cube.ide.mcu.externaltools.gnu-tools-for-stm32.11.3.rel1.win32_1.1.100.202309141235/tools/bin/../lib/gcc/arm-none-eabi/11.3.1/thumb/v7e-m+fp/hard/crtbegin.o
                0x0000000010002b08                PROVIDE (__init_array_end = .)
                0x0000000010002b08                . = ALIGN (0x4)

.fini_array     0x0000000010002b08        0x4
                0x0000000010002b08                . = ALIGN (0x4)
                [!provide]                        PROVIDE (__fini_array_start = .)
 *(SORT_BY_NAME(.fini_array.*))
 *(.fini_array*)
 .fini_array    0x0000000010002b08        0x4 C:/Program Files/STM32CubeIDE_1.14.0/STM32CubeIDE/plugins/com.st.stm32cube.ide.mcu.externaltools.gnu-tools-for-stm32.11.3.rel1.win32_1.1.100.202309141235/tools/bin/../lib/gcc/arm-none-eabi/11.3.1/thumb/v7e-m+fp/hard/crtbegin.o
                [!provide]                        PROVIDE (__fini_array_end = .)
                0x0000000010002b0c                . = ALIGN (0x4)
                0x0000000010002b0c                __DATA_ROM = .
                0x0000000010002b0c                _sidata = LOADADDR (.data)

.data           0x0000000010020000        0xc load address 0x0000000010002b0c
                0x0000000010020000                . = ALIGN (0x4)
                0x0000000010020000                _sdata = .
 *(.data)
 *(.data*)
 .data.SystemCoreClock
                0x0000000010020000        0x4 ./Common/System/system_stm32mp1xx.o
                0x0000000010020000                SystemCoreClock
 .data.uwTickPrio
                0x0000000010020004        0x4 ./Drivers/STM32MP1xx_HAL_Driver/stm32mp1xx_hal.o
                0x0000000010020004                uwTickPrio
 .data.uwTickFreq
                0x0000000010020008        0x1 ./Drivers/STM32MP1xx_HAL_Driver/stm32mp1xx_hal.o
                0x0000000010020008                uwTickFreq
                0x000000001002000c                . = ALIGN (0x4)
 *fill*         0x0000000010020009        0x3 
                0x000000001002000c                _edata = .
                0x0000000010002b18                __DATA_END = (__DATA_ROM + (_edata - _sdata))
                0x0000000010020000                text_end = (ORIGIN (SRAM1_text) + LENGTH (SRAM1_text))
                0x0000000000000001                ASSERT ((__DATA_END <= text_end), region SRAM1_text overflowed with text and data)

.igot.plt       0x000000001002000c        0x0 load address 0x0000000010002b18
 .igot.plt      0x000000001002000c        0x0 C:/Program Files/STM32CubeIDE_1.14.0/STM32CubeIDE/plugins/com.st.stm32cube.ide.mcu.externaltools.gnu-tools-for-stm32.11.3.rel1.win32_1.1.100.202309141235/tools/bin/../lib/gcc/arm-none-eabi/11.3.1/thumb/v7e-m+fp/hard/crtbegin.o

.resource_table
                0x000000001002000c        0x0
                0x000000001002000c                . = ALIGN (0x4)
 *(.resource_table*)
                0x000000001002000c                . = ALIGN (0x4)
                0x000000001002000c                . = ALIGN (0x4)

.bss            0x000000001002000c      0x420 load address 0x0000000010002b18
                0x000000001002000c                _sbss = .
                0x000000001002000c                __bss_start__ = _sbss
 *(.bss)
 .bss           0x000000001002000c       0x1c C:/Program Files/STM32CubeIDE_1.14.0/STM32CubeIDE/plugins/com.st.stm32cube.ide.mcu.externaltools.gnu-tools-for-stm32.11.3.rel1.win32_1.1.100.202309141235/tools/bin/../lib/gcc/arm-none-eabi/11.3.1/thumb/v7e-m+fp/hard/crtbegin.o
 *(.bss*)
 .bss.g_oled_gram
                0x0000000010020028      0x400 ./Core/Src/oled.o
 .bss.uwTick    0x0000000010020428        0x4 ./Drivers/STM32MP1xx_HAL_Driver/stm32mp1xx_hal.o
                0x0000000010020428                uwTick
 *(COMMON)
                0x000000001002042c                . = ALIGN (0x4)
                0x000000001002042c                _ebss = .
                0x000000001002042c                __bss_end__ = _ebss

._user_heap_stack
                0x000000001002042c      0x604 load address 0x0000000010002f38
                0x0000000010020430                . = ALIGN (0x8)
 *fill*         0x000000001002042c        0x4 
                [!provide]                        PROVIDE (end = .)
                0x0000000010020430                PROVIDE (_end = .)
                0x0000000010020630                . = (. + _Min_Heap_Size)
 *fill*         0x0000000010020430      0x200 
                0x0000000010020a30                . = (. + _Min_Stack_Size)
 *fill*         0x0000000010020630      0x400 
                0x0000000010020a30                . = ALIGN (0x8)

/DISCARD/
 libc.a(*)
 libm.a(*)
 libgcc.a(*)

.ARM.attributes
                0x0000000000000000       0x30
 *(.ARM.attributes)
 .ARM.attributes
                0x0000000000000000       0x1e C:/Program Files/STM32CubeIDE_1.14.0/STM32CubeIDE/plugins/com.st.stm32cube.ide.mcu.externaltools.gnu-tools-for-stm32.11.3.rel1.win32_1.1.100.202309141235/tools/bin/../lib/gcc/arm-none-eabi/11.3.1/thumb/v7e-m+fp/hard/crti.o
 .ARM.attributes
                0x000000000000001e       0x34 C:/Program Files/STM32CubeIDE_1.14.0/STM32CubeIDE/plugins/com.st.stm32cube.ide.mcu.externaltools.gnu-tools-for-stm32.11.3.rel1.win32_1.1.100.202309141235/tools/bin/../lib/gcc/arm-none-eabi/11.3.1/thumb/v7e-m+fp/hard/crtbegin.o
 .ARM.attributes
                0x0000000000000052       0x34 ./Common/System/system_stm32mp1xx.o
 .ARM.attributes
                0x0000000000000086       0x34 ./Core/Src/gpio.o
 .ARM.attributes
                0x00000000000000ba       0x34 ./Core/Src/main.o
 .ARM.attributes
                0x00000000000000ee       0x34 ./Core/Src/oled.o
 .ARM.attributes
                0x0000000000000122       0x34 ./Core/Src/stm32mp1xx_hal_msp.o
 .ARM.attributes
                0x0000000000000156       0x34 ./Core/Src/stm32mp1xx_it.o
 .ARM.attributes
                0x000000000000018a       0x21 ./Core/Startup/startup_stm32mp157daax.o
 .ARM.attributes
                0x00000000000001ab       0x34 ./Drivers/STM32MP1xx_HAL_Driver/stm32mp1xx_hal.o
 .ARM.attributes
                0x00000000000001df       0x34 ./Drivers/STM32MP1xx_HAL_Driver/stm32mp1xx_hal_cortex.o
 .ARM.attributes
                0x0000000000000213       0x34 ./Drivers/STM32MP1xx_HAL_Driver/stm32mp1xx_hal_gpio.o
 .ARM.attributes
                0x0000000000000247       0x34 ./Drivers/STM32MP1xx_HAL_Driver/stm32mp1xx_hal_rcc.o
 .ARM.attributes
                0x000000000000027b       0x34 ./Drivers/STM32MP1xx_HAL_Driver/stm32mp1xx_hal_rcc_ex.o
 .ARM.attributes
                0x00000000000002af       0x34 C:/Program Files/STM32CubeIDE_1.14.0/STM32CubeIDE/plugins/com.st.stm32cube.ide.mcu.externaltools.gnu-tools-for-stm32.11.3.rel1.win32_1.1.100.202309141235/tools/bin/../lib/gcc/arm-none-eabi/11.3.1/../../../../arm-none-eabi/lib/thumb/v7e-m+fp/hard\libc_nano.a(libc_a-memset.o)
 .ARM.attributes
                0x00000000000002e3       0x34 C:/Program Files/STM32CubeIDE_1.14.0/STM32CubeIDE/plugins/com.st.stm32cube.ide.mcu.externaltools.gnu-tools-for-stm32.11.3.rel1.win32_1.1.100.202309141235/tools/bin/../lib/gcc/arm-none-eabi/11.3.1/../../../../arm-none-eabi/lib/thumb/v7e-m+fp/hard\libc_nano.a(libc_a-init.o)
 .ARM.attributes
                0x0000000000000317       0x1e C:/Program Files/STM32CubeIDE_1.14.0/STM32CubeIDE/plugins/com.st.stm32cube.ide.mcu.externaltools.gnu-tools-for-stm32.11.3.rel1.win32_1.1.100.202309141235/tools/bin/../lib/gcc/arm-none-eabi/11.3.1/thumb/v7e-m+fp/hard/crtn.o
OUTPUT(OLED_CM4.elf elf32-littlearm)
LOAD linker stubs
LOAD C:/Program Files/STM32CubeIDE_1.14.0/STM32CubeIDE/plugins/com.st.stm32cube.ide.mcu.externaltools.gnu-tools-for-stm32.11.3.rel1.win32_1.1.100.202309141235/tools/bin/../lib/gcc/arm-none-eabi/11.3.1/../../../../arm-none-eabi/lib/thumb/v7e-m+fp/hard\libc.a
LOAD C:/Program Files/STM32CubeIDE_1.14.0/STM32CubeIDE/plugins/com.st.stm32cube.ide.mcu.externaltools.gnu-tools-for-stm32.11.3.rel1.win32_1.1.100.202309141235/tools/bin/../lib/gcc/arm-none-eabi/11.3.1/../../../../arm-none-eabi/lib/thumb/v7e-m+fp/hard\libm.a
LOAD C:/Program Files/STM32CubeIDE_1.14.0/STM32CubeIDE/plugins/com.st.stm32cube.ide.mcu.externaltools.gnu-tools-for-stm32.11.3.rel1.win32_1.1.100.202309141235/tools/bin/../lib/gcc/arm-none-eabi/11.3.1/thumb/v7e-m+fp/hard\libgcc.a

.comment        0x0000000000000000       0x43
 .comment       0x0000000000000000       0x43 C:/Program Files/STM32CubeIDE_1.14.0/STM32CubeIDE/plugins/com.st.stm32cube.ide.mcu.externaltools.gnu-tools-for-stm32.11.3.rel1.win32_1.1.100.202309141235/tools/bin/../lib/gcc/arm-none-eabi/11.3.1/thumb/v7e-m+fp/hard/crtbegin.o
                                         0x44 (size before relaxing)
 .comment       0x0000000000000043       0x44 ./Common/System/system_stm32mp1xx.o
 .comment       0x0000000000000043       0x44 ./Core/Src/gpio.o
 .comment       0x0000000000000043       0x44 ./Core/Src/main.o
 .comment       0x0000000000000043       0x44 ./Core/Src/oled.o
 .comment       0x0000000000000043       0x44 ./Core/Src/stm32mp1xx_hal_msp.o
 .comment       0x0000000000000043       0x44 ./Core/Src/stm32mp1xx_it.o
 .comment       0x0000000000000043       0x44 ./Drivers/STM32MP1xx_HAL_Driver/stm32mp1xx_hal.o
 .comment       0x0000000000000043       0x44 ./Drivers/STM32MP1xx_HAL_Driver/stm32mp1xx_hal_cortex.o
 .comment       0x0000000000000043       0x44 ./Drivers/STM32MP1xx_HAL_Driver/stm32mp1xx_hal_gpio.o
 .comment       0x0000000000000043       0x44 ./Drivers/STM32MP1xx_HAL_Driver/stm32mp1xx_hal_rcc.o
 .comment       0x0000000000000043       0x44 ./Drivers/STM32MP1xx_HAL_Driver/stm32mp1xx_hal_rcc_ex.o

.debug_info     0x0000000000000000     0xa9ce
 .debug_info    0x0000000000000000     0x114b ./Common/System/system_stm32mp1xx.o
 .debug_info    0x000000000000114b     0x1089 ./Core/Src/gpio.o
 .debug_info    0x00000000000021d4     0x12a4 ./Core/Src/main.o
 .debug_info    0x0000000000003478      0xa6f ./Core/Src/oled.o
 .debug_info    0x0000000000003ee7     0x122f ./Core/Src/stm32mp1xx_hal_msp.o
 .debug_info    0x0000000000005116      0x131 ./Core/Src/stm32mp1xx_it.o
 .debug_info    0x0000000000005247       0x23 ./Core/Startup/startup_stm32mp157daax.o
 .debug_info    0x000000000000526a      0xdcc ./Drivers/STM32MP1xx_HAL_Driver/stm32mp1xx_hal.o
 .debug_info    0x0000000000006036      0xe5e ./Drivers/STM32MP1xx_HAL_Driver/stm32mp1xx_hal_cortex.o
 .debug_info    0x0000000000006e94      0x944 ./Drivers/STM32MP1xx_HAL_Driver/stm32mp1xx_hal_gpio.o
 .debug_info    0x00000000000077d8     0x1b5e ./Drivers/STM32MP1xx_HAL_Driver/stm32mp1xx_hal_rcc.o
 .debug_info    0x0000000000009336     0x1698 ./Drivers/STM32MP1xx_HAL_Driver/stm32mp1xx_hal_rcc_ex.o

.debug_abbrev   0x0000000000000000     0x153a
 .debug_abbrev  0x0000000000000000      0x128 ./Common/System/system_stm32mp1xx.o
 .debug_abbrev  0x0000000000000128      0x14f ./Core/Src/gpio.o
 .debug_abbrev  0x0000000000000277      0x1fa ./Core/Src/main.o
 .debug_abbrev  0x0000000000000471      0x26e ./Core/Src/oled.o
 .debug_abbrev  0x00000000000006df       0xf6 ./Core/Src/stm32mp1xx_hal_msp.o
 .debug_abbrev  0x00000000000007d5       0x75 ./Core/Src/stm32mp1xx_it.o
 .debug_abbrev  0x000000000000084a       0x12 ./Core/Startup/startup_stm32mp157daax.o
 .debug_abbrev  0x000000000000085c      0x29d ./Drivers/STM32MP1xx_HAL_Driver/stm32mp1xx_hal.o
 .debug_abbrev  0x0000000000000af9      0x339 ./Drivers/STM32MP1xx_HAL_Driver/stm32mp1xx_hal_cortex.o
 .debug_abbrev  0x0000000000000e32      0x1ee ./Drivers/STM32MP1xx_HAL_Driver/stm32mp1xx_hal_gpio.o
 .debug_abbrev  0x0000000000001020      0x2b6 ./Drivers/STM32MP1xx_HAL_Driver/stm32mp1xx_hal_rcc.o
 .debug_abbrev  0x00000000000012d6      0x264 ./Drivers/STM32MP1xx_HAL_Driver/stm32mp1xx_hal_rcc_ex.o

.debug_aranges  0x0000000000000000      0x648
 .debug_aranges
                0x0000000000000000       0x28 ./Common/System/system_stm32mp1xx.o
 .debug_aranges
                0x0000000000000028       0x20 ./Core/Src/gpio.o
 .debug_aranges
                0x0000000000000048       0x30 ./Core/Src/main.o
 .debug_aranges
                0x0000000000000078       0x90 ./Core/Src/oled.o
 .debug_aranges
                0x0000000000000108       0x20 ./Core/Src/stm32mp1xx_hal_msp.o
 .debug_aranges
                0x0000000000000128       0x68 ./Core/Src/stm32mp1xx_it.o
 .debug_aranges
                0x0000000000000190       0x28 ./Core/Startup/startup_stm32mp157daax.o
 .debug_aranges
                0x00000000000001b8      0x178 ./Drivers/STM32MP1xx_HAL_Driver/stm32mp1xx_hal.o
 .debug_aranges
                0x0000000000000330      0x100 ./Drivers/STM32MP1xx_HAL_Driver/stm32mp1xx_hal_cortex.o
 .debug_aranges
                0x0000000000000430       0x60 ./Drivers/STM32MP1xx_HAL_Driver/stm32mp1xx_hal_gpio.o
 .debug_aranges
                0x0000000000000490      0x160 ./Drivers/STM32MP1xx_HAL_Driver/stm32mp1xx_hal_rcc.o
 .debug_aranges
                0x00000000000005f0       0x58 ./Drivers/STM32MP1xx_HAL_Driver/stm32mp1xx_hal_rcc_ex.o

.debug_rnglists
                0x0000000000000000      0x49f
 .debug_rnglists
                0x0000000000000000       0x1a ./Common/System/system_stm32mp1xx.o
 .debug_rnglists
                0x000000000000001a       0x14 ./Core/Src/gpio.o
 .debug_rnglists
                0x000000000000002e       0x20 ./Core/Src/main.o
 .debug_rnglists
                0x000000000000004e       0x6f ./Core/Src/oled.o
 .debug_rnglists
                0x00000000000000bd       0x13 ./Core/Src/stm32mp1xx_hal_msp.o
 .debug_rnglists
                0x00000000000000d0       0x49 ./Core/Src/stm32mp1xx_it.o
 .debug_rnglists
                0x0000000000000119       0x19 ./Core/Startup/startup_stm32mp157daax.o
 .debug_rnglists
                0x0000000000000132      0x115 ./Drivers/STM32MP1xx_HAL_Driver/stm32mp1xx_hal.o
 .debug_rnglists
                0x0000000000000247       0xbc ./Drivers/STM32MP1xx_HAL_Driver/stm32mp1xx_hal_cortex.o
 .debug_rnglists
                0x0000000000000303       0x45 ./Drivers/STM32MP1xx_HAL_Driver/stm32mp1xx_hal_gpio.o
 .debug_rnglists
                0x0000000000000348      0x114 ./Drivers/STM32MP1xx_HAL_Driver/stm32mp1xx_hal_rcc.o
 .debug_rnglists
                0x000000000000045c       0x43 ./Drivers/STM32MP1xx_HAL_Driver/stm32mp1xx_hal_rcc_ex.o

.debug_macro    0x0000000000000000    0x447be
 .debug_macro   0x0000000000000000      0x275 ./Common/System/system_stm32mp1xx.o
 .debug_macro   0x0000000000000275      0xaae ./Common/System/system_stm32mp1xx.o
 .debug_macro   0x0000000000000d23       0x2e ./Common/System/system_stm32mp1xx.o
 .debug_macro   0x0000000000000d51       0x3a ./Common/System/system_stm32mp1xx.o
 .debug_macro   0x0000000000000d8b       0x22 ./Common/System/system_stm32mp1xx.o
 .debug_macro   0x0000000000000dad       0x8e ./Common/System/system_stm32mp1xx.o
 .debug_macro   0x0000000000000e3b       0x51 ./Common/System/system_stm32mp1xx.o
 .debug_macro   0x0000000000000e8c      0x103 ./Common/System/system_stm32mp1xx.o
 .debug_macro   0x0000000000000f8f       0x6a ./Common/System/system_stm32mp1xx.o
 .debug_macro   0x0000000000000ff9      0x1df ./Common/System/system_stm32mp1xx.o
 .debug_macro   0x00000000000011d8       0x1c ./Common/System/system_stm32mp1xx.o
 .debug_macro   0x00000000000011f4       0x22 ./Common/System/system_stm32mp1xx.o
 .debug_macro   0x0000000000001216       0xfb ./Common/System/system_stm32mp1xx.o
 .debug_macro   0x0000000000001311     0x1011 ./Common/System/system_stm32mp1xx.o
 .debug_macro   0x0000000000002322      0x11f ./Common/System/system_stm32mp1xx.o
 .debug_macro   0x0000000000002441    0x3b4ec ./Common/System/system_stm32mp1xx.o
 .debug_macro   0x000000000003d92d       0x43 ./Common/System/system_stm32mp1xx.o
 .debug_macro   0x000000000003d970       0xda ./Common/System/system_stm32mp1xx.o
 .debug_macro   0x000000000003da4a       0x61 ./Common/System/system_stm32mp1xx.o
 .debug_macro   0x000000000003daab       0x2a ./Common/System/system_stm32mp1xx.o
 .debug_macro   0x000000000003dad5       0x43 ./Common/System/system_stm32mp1xx.o
 .debug_macro   0x000000000003db18       0x34 ./Common/System/system_stm32mp1xx.o
 .debug_macro   0x000000000003db4c       0x16 ./Common/System/system_stm32mp1xx.o
 .debug_macro   0x000000000003db62       0x97 ./Common/System/system_stm32mp1xx.o
 .debug_macro   0x000000000003dbf9      0x369 ./Common/System/system_stm32mp1xx.o
 .debug_macro   0x000000000003df62       0xfd ./Common/System/system_stm32mp1xx.o
 .debug_macro   0x000000000003e05f       0x10 ./Common/System/system_stm32mp1xx.o
 .debug_macro   0x000000000003e06f       0x16 ./Common/System/system_stm32mp1xx.o
 .debug_macro   0x000000000003e085       0x43 ./Common/System/system_stm32mp1xx.o
 .debug_macro   0x000000000003e0c8       0x34 ./Common/System/system_stm32mp1xx.o
 .debug_macro   0x000000000003e0fc       0x10 ./Common/System/system_stm32mp1xx.o
 .debug_macro   0x000000000003e10c       0x58 ./Common/System/system_stm32mp1xx.o
 .debug_macro   0x000000000003e164       0x8e ./Common/System/system_stm32mp1xx.o
 .debug_macro   0x000000000003e1f2       0x1c ./Common/System/system_stm32mp1xx.o
 .debug_macro   0x000000000003e20e      0x177 ./Common/System/system_stm32mp1xx.o
 .debug_macro   0x000000000003e385       0x16 ./Common/System/system_stm32mp1xx.o
 .debug_macro   0x000000000003e39b       0x16 ./Common/System/system_stm32mp1xx.o
 .debug_macro   0x000000000003e3b1      0x147 ./Common/System/system_stm32mp1xx.o
 .debug_macro   0x000000000003e4f8       0x5b ./Common/System/system_stm32mp1xx.o
 .debug_macro   0x000000000003e553     0x1d00 ./Common/System/system_stm32mp1xx.o
 .debug_macro   0x0000000000040253      0x9b1 ./Common/System/system_stm32mp1xx.o
 .debug_macro   0x0000000000040c04       0x2e ./Common/System/system_stm32mp1xx.o
 .debug_macro   0x0000000000040c32      0x33a ./Common/System/system_stm32mp1xx.o
 .debug_macro   0x0000000000040f6c      0x13a ./Common/System/system_stm32mp1xx.o
 .debug_macro   0x00000000000410a6      0x2f2 ./Common/System/system_stm32mp1xx.o
 .debug_macro   0x0000000000041398       0x27 ./Common/System/system_stm32mp1xx.o
 .debug_macro   0x00000000000413bf       0x4a ./Common/System/system_stm32mp1xx.o
 .debug_macro   0x0000000000041409      0x558 ./Common/System/system_stm32mp1xx.o
 .debug_macro   0x0000000000041961       0xe0 ./Common/System/system_stm32mp1xx.o
 .debug_macro   0x0000000000041a41       0x66 ./Common/System/system_stm32mp1xx.o
 .debug_macro   0x0000000000041aa7      0x3c9 ./Common/System/system_stm32mp1xx.o
 .debug_macro   0x0000000000041e70      0x227 ./Common/System/system_stm32mp1xx.o
 .debug_macro   0x0000000000042097      0x152 ./Common/System/system_stm32mp1xx.o
 .debug_macro   0x00000000000421e9      0x1f9 ./Common/System/system_stm32mp1xx.o
 .debug_macro   0x00000000000423e2       0x19 ./Common/System/system_stm32mp1xx.o
 .debug_macro   0x00000000000423fb      0x521 ./Common/System/system_stm32mp1xx.o
 .debug_macro   0x000000000004291c      0x283 ./Core/Src/gpio.o
 .debug_macro   0x0000000000042b9f      0x2ca ./Core/Src/main.o
 .debug_macro   0x0000000000042e69       0x16 ./Core/Src/main.o
 .debug_macro   0x0000000000042e7f       0x35 ./Core/Src/main.o
 .debug_macro   0x0000000000042eb4       0x16 ./Core/Src/main.o
 .debug_macro   0x0000000000042eca       0x29 ./Core/Src/main.o
 .debug_macro   0x0000000000042ef3       0xa6 ./Core/Src/main.o
 .debug_macro   0x0000000000042f99      0x2c2 ./Core/Src/oled.o
 .debug_macro   0x000000000004325b       0x5b ./Core/Src/oled.o
 .debug_macro   0x00000000000432b6       0x94 ./Core/Src/oled.o
 .debug_macro   0x000000000004334a      0x10e ./Core/Src/oled.o
 .debug_macro   0x0000000000043458       0x8d ./Core/Src/oled.o
 .debug_macro   0x00000000000434e5       0x57 ./Core/Src/oled.o
 .debug_macro   0x000000000004353c       0x1c ./Core/Src/oled.o
 .debug_macro   0x0000000000043558       0x1c ./Core/Src/oled.o
 .debug_macro   0x0000000000043574       0xac ./Core/Src/oled.o
 .debug_macro   0x0000000000043620      0x279 ./Core/Src/stm32mp1xx_hal_msp.o
 .debug_macro   0x0000000000043899      0x283 ./Core/Src/stm32mp1xx_it.o
 .debug_macro   0x0000000000043b1c      0x29f ./Drivers/STM32MP1xx_HAL_Driver/stm32mp1xx_hal.o
 .debug_macro   0x0000000000043dbb      0x26f ./Drivers/STM32MP1xx_HAL_Driver/stm32mp1xx_hal_cortex.o
 .debug_macro   0x000000000004402a      0x2a4 ./Drivers/STM32MP1xx_HAL_Driver/stm32mp1xx_hal_gpio.o
 .debug_macro   0x00000000000442ce      0x27b ./Drivers/STM32MP1xx_HAL_Driver/stm32mp1xx_hal_rcc.o
 .debug_macro   0x0000000000044549      0x275 ./Drivers/STM32MP1xx_HAL_Driver/stm32mp1xx_hal_rcc_ex.o

.debug_line     0x0000000000000000     0xa0de
 .debug_line    0x0000000000000000      0xa06 ./Common/System/system_stm32mp1xx.o
 .debug_line    0x0000000000000a06      0x951 ./Core/Src/gpio.o
 .debug_line    0x0000000000001357      0x9d8 ./Core/Src/main.o
 .debug_line    0x0000000000001d2f      0xe95 ./Core/Src/oled.o
 .debug_line    0x0000000000002bc4      0x911 ./Core/Src/stm32mp1xx_hal_msp.o
 .debug_line    0x00000000000034d5      0x9e5 ./Core/Src/stm32mp1xx_it.o
 .debug_line    0x0000000000003eba       0x7b ./Core/Startup/startup_stm32mp157daax.o
 .debug_line    0x0000000000003f35      0xe3f ./Drivers/STM32MP1xx_HAL_Driver/stm32mp1xx_hal.o
 .debug_line    0x0000000000004d74      0xe44 ./Drivers/STM32MP1xx_HAL_Driver/stm32mp1xx_hal_cortex.o
 .debug_line    0x0000000000005bb8      0xdf8 ./Drivers/STM32MP1xx_HAL_Driver/stm32mp1xx_hal_gpio.o
 .debug_line    0x00000000000069b0     0x1ca4 ./Drivers/STM32MP1xx_HAL_Driver/stm32mp1xx_hal_rcc.o
 .debug_line    0x0000000000008654     0x1a8a ./Drivers/STM32MP1xx_HAL_Driver/stm32mp1xx_hal_rcc_ex.o

.debug_str      0x0000000000000000   0x1bfff2
 .debug_str     0x0000000000000000   0x1bcec9 ./Common/System/system_stm32mp1xx.o
                                     0x1bd219 (size before relaxing)
 .debug_str     0x00000000001bcec9      0x154 ./Core/Src/gpio.o
                                     0x1bd221 (size before relaxing)
 .debug_str     0x00000000001bd01d      0xad0 ./Core/Src/main.o
                                     0x1bdbb2 (size before relaxing)
 .debug_str     0x00000000001bdaed      0x1d0 ./Core/Src/oled.o
                                     0x1bcf8c (size before relaxing)
 .debug_str     0x00000000001bdcbd      0x856 ./Core/Src/stm32mp1xx_hal_msp.o
                                     0x1bd956 (size before relaxing)
 .debug_str     0x00000000001be513       0xe5 ./Core/Src/stm32mp1xx_it.o
                                     0x1bc5c2 (size before relaxing)
 .debug_str     0x00000000001be5f8       0x35 ./Core/Startup/startup_stm32mp157daax.o
                                         0x6b (size before relaxing)
 .debug_str     0x00000000001be62d      0x7e0 ./Drivers/STM32MP1xx_HAL_Driver/stm32mp1xx_hal.o
                                     0x1bd655 (size before relaxing)
 .debug_str     0x00000000001bee0d      0x34a ./Drivers/STM32MP1xx_HAL_Driver/stm32mp1xx_hal_cortex.o
                                     0x1bd281 (size before relaxing)
 .debug_str     0x00000000001bf157      0x32c ./Drivers/STM32MP1xx_HAL_Driver/stm32mp1xx_hal_gpio.o
                                     0x1bca39 (size before relaxing)
 .debug_str     0x00000000001bf483      0x70b ./Drivers/STM32MP1xx_HAL_Driver/stm32mp1xx_hal_rcc.o
                                     0x1bdafa (size before relaxing)
 .debug_str     0x00000000001bfb8e      0x464 ./Drivers/STM32MP1xx_HAL_Driver/stm32mp1xx_hal_rcc_ex.o
                                     0x1bd989 (size before relaxing)

.debug_frame    0x0000000000000000     0x1748
 .debug_frame   0x0000000000000000       0x58 ./Common/System/system_stm32mp1xx.o
 .debug_frame   0x0000000000000058       0x34 ./Core/Src/gpio.o
 .debug_frame   0x000000000000008c       0x6c ./Core/Src/main.o
 .debug_frame   0x00000000000000f8      0x238 ./Core/Src/oled.o
 .debug_frame   0x0000000000000330       0x2c ./Core/Src/stm32mp1xx_hal_msp.o
 .debug_frame   0x000000000000035c      0x120 ./Core/Src/stm32mp1xx_it.o
 .debug_frame   0x000000000000047c      0x5e8 ./Drivers/STM32MP1xx_HAL_Driver/stm32mp1xx_hal.o
 .debug_frame   0x0000000000000a64      0x428 ./Drivers/STM32MP1xx_HAL_Driver/stm32mp1xx_hal_cortex.o
 .debug_frame   0x0000000000000e8c      0x174 ./Drivers/STM32MP1xx_HAL_Driver/stm32mp1xx_hal_gpio.o
 .debug_frame   0x0000000000001000      0x5b0 ./Drivers/STM32MP1xx_HAL_Driver/stm32mp1xx_hal_rcc.o
 .debug_frame   0x00000000000015b0      0x14c ./Drivers/STM32MP1xx_HAL_Driver/stm32mp1xx_hal_rcc_ex.o
 .debug_frame   0x00000000000016fc       0x20 C:/Program Files/STM32CubeIDE_1.14.0/STM32CubeIDE/plugins/com.st.stm32cube.ide.mcu.externaltools.gnu-tools-for-stm32.11.3.rel1.win32_1.1.100.202309141235/tools/bin/../lib/gcc/arm-none-eabi/11.3.1/../../../../arm-none-eabi/lib/thumb/v7e-m+fp/hard\libc_nano.a(libc_a-memset.o)
 .debug_frame   0x000000000000171c       0x2c C:/Program Files/STM32CubeIDE_1.14.0/STM32CubeIDE/plugins/com.st.stm32cube.ide.mcu.externaltools.gnu-tools-for-stm32.11.3.rel1.win32_1.1.100.202309141235/tools/bin/../lib/gcc/arm-none-eabi/11.3.1/../../../../arm-none-eabi/lib/thumb/v7e-m+fp/hard\libc_nano.a(libc_a-init.o)

.debug_line_str
                0x0000000000000000       0x5f
 .debug_line_str
                0x0000000000000000       0x5f ./Core/Startup/startup_stm32mp157daax.o
                                         0x78 (size before relaxing)
