../Core/Src/oled.c:38:6:oled_refresh_gram	16	static
../Core/Src/oled.c:106:6:oled_wr_byte	24	static
../Core/Src/oled.c:139:6:oled_display_on	8	static
../Core/Src/oled.c:151:6:oled_display_off	8	static
../Core/Src/oled.c:163:6:oled_clear	16	static
../Core/Src/oled.c:177:6:oled_init	8	static
../Core/Src/oled.c:233:6:oled_draw_point	24	static
../Core/Src/oled.c:262:6:oled_fill	32	static
../Core/Src/oled.c:282:6:oled_show_char	40	static
../Core/Src/oled.c:341:11:oled_pow	24	static
../Core/Src/oled.c:361:6:oled_show_num	40	static
../Core/Src/oled.c:394:6:oled_show_string	32	static
../Core/Src/oled.c:427:6:OLED_Show	32	static
../Core/Src/oled.c:462:6:OLED_ShowBMP	32	static
../Core/Src/oled.c:498:6:OLED_Show_Chinese	32	static
